============================= test session starts =============================
platform win32 -- Python 3.10.0, pytest-9.0.2, pluggy-1.6.0
rootdir: C:\Users\AMOGA\OneDrive\Desktop\open source\fury
configfile: pytest.ini
plugins: anyio-4.11.0
collected 290 items

fury\actors\tests\test_peak.py ............                              [  4%]
fury\animation\tests\test_animation.py ..                                [  4%]
fury\animation\tests\test_helpers.py .......                             [  7%]
fury\animation\tests\test_interpolators.py .......                       [  9%]
fury\animation\tests\test_timeline.py .                                  [ 10%]
fury\data\tests\test_fetcher.py ...                                      [ 11%]
fury\shaders\tests\test_base.py .......                                  [ 13%]
fury\tests\test_actors.py ...........................s.....              [ 24%]
fury\tests\test_colormap.py ............                                 [ 28%]
fury\tests\test_convert.py .                                             [ 29%]
fury\tests\test_decorators.py ..                                         [ 30%]
fury\tests\test_deprecator.py .........                                  [ 33%]
fury\tests\test_gltf.py ..s.....                                         [ 35%]
fury\tests\test_interactor.py s.                                         [ 36%]
fury\tests\test_io.py .......                                            [ 38%]
fury\tests\test_layout.py ..........                                     [ 42%]
fury\tests\test_material.py ...                                          [ 43%]
fury\tests\test_molecular.py .............                               [ 47%]
fury\tests\test_optpkg.py ....                                           [ 49%]
fury\tests\test_pick.py .sssss                                           [ 51%]
fury\tests\test_primitive.py .............                               [ 55%]
fury\tests\test_stream.py .F.F...F......s                                [ 61%]
fury\tests\test_testing.py ....                                          [ 62%]
fury\tests\test_thread.py .                                              [ 62%]
fury\tests\test_transform.py ......                                      [ 64%]
fury\tests\test_utils.py .................................s.......       [ 78%]
fury\tests\test_window.py ......s.s.s.                                   [ 83%]
fury\texture\tests\test_utils.py .                                       [ 83%]
fury\ui\tests\test_containers.py .s....                                  [ 85%]
fury\ui\tests\test_core.py ......                                        [ 87%]
fury\ui\tests\test_elements.py ..................s..........             [ 97%]
fury\ui\tests\test_elements_callback.py .s                               [ 98%]
fury\ui\tests\test_helpers.py .....                                      [100%]

================================== FAILURES ===================================
_________________________________ test_pillow _________________________________

    def test_pillow():
        use_raw_array = True
        ms_stream = 0
        width_0 = 100
        height_0 = 200
    
        centers = np.array([[0, 0, 0], [-1, 0, 0], [1, 0, 0]])
        colors = np.array([[1, 0, 0], [0, 1, 0], [0, 0, 1]])
    
        actors = actor.sphere(centers, colors=colors, radii=0.1)
    
        scene = window.Scene()
        scene.add(actors)
        showm = window.ShowManager(
            scene=scene,
            reset_camera=False,
            size=(width_0, height_0),
            order_transparent=False,
        )
    
        stream = FuryStreamClient(
            showm, use_raw_array=use_raw_array, whithout_iren_start=False
        )
        if use_raw_array:
            img_buffer_manager = tools.RawArrayImageBufferManager(
                info_buffer=stream.img_manager.info_buffer,
                image_buffers=stream.img_manager.image_buffers,
            )
        else:
            img_buffer_manager = tools.SharedMemImageBufferManager(
                info_buffer_name=stream.img_manager.info_buffer_name,
                image_buffer_names=stream.img_manager.image_buffer_names,
            )
    
        showm.render()
        stream.start(ms=ms_stream)
        showm.render()
        # test jpeg method
        img_buffer_manager.get_jpeg()
        width, height, frame = img_buffer_manager.get_current_frame()
    
        image = np.frombuffer(frame, "uint8")[0 : width * height * 3].reshape(
            (height, width, 3)
        )
        report = window.analyze_snapshot(image, find_objects=True)
>       npt.assert_equal(report.objects, 3)
E       AssertionError: 
E       Items are not equal:
E        ACTUAL: 12
E        DESIRED: 3

fury\tests\test_stream.py:142: AssertionError
_______________________ test_client_and_buffer_manager ________________________

    def test_client_and_buffer_manager():
        def test(use_raw_array, ms_stream=16):
            width_0 = 100
            height_0 = 200
    
            centers = np.array([[0, 0, 0], [-1, 0, 0], [1, 0, 0]])
            colors = np.array([[1, 0, 0], [0, 1, 0], [0, 0, 1]])
    
            actors = actor.sphere(centers, colors=colors, radii=0.1)
    
            scene = window.Scene()
            scene.add(actors)
            showm = window.ShowManager(
                scene=scene,
                reset_camera=False,
                size=(width_0, height_0),
                order_transparent=False,
            )
    
            stream = FuryStreamClient(
                showm, use_raw_array=use_raw_array, whithout_iren_start=False
            )
            if use_raw_array:
                img_buffer_manager = tools.RawArrayImageBufferManager(
                    info_buffer=stream.img_manager.info_buffer,
                    image_buffers=stream.img_manager.image_buffers,
                )
            else:
                img_buffer_manager = tools.SharedMemImageBufferManager(
                    info_buffer_name=stream.img_manager.info_buffer_name,
                    image_buffer_names=stream.img_manager.image_buffer_names,
                )
    
            showm.render()
            stream.start(ms=ms_stream)
            showm.render()
            # test jpeg method
            img_buffer_manager.get_jpeg()
            width, height, frame = img_buffer_manager.get_current_frame()
    
            # assert width == showm.size[0] and height == showm.size[1]
            image = np.frombuffer(frame, "uint8")[0 : width * height * 3].reshape(
                (height, width, 3)
            )
            # image = np.flipud(image)
    
            # image = image[:, :, ::-1]
            # import matplotlib.pyplot as plt
            # plt.imshow(image)
            # plt.show()
            # npt.assert_allclose(arr, image)
            report = window.analyze_snapshot(image, find_objects=True)
            npt.assert_equal(report.objects, 3)
            img_buffer_manager.cleanup()
            stream.stop()
            stream.cleanup()
    
>       test(True, 16)

fury\tests\test_stream.py:259: 
_ _ _ _ _ _ _ _ _ _ _ _ _ _ _ _ _ _ _ _ _ _ _ _ _ _ _ _ _ _ _ _ _ _ _ _ _ _ _ _

use_raw_array = True, ms_stream = 16

    def test(use_raw_array, ms_stream=16):
        width_0 = 100
        height_0 = 200
    
        centers = np.array([[0, 0, 0], [-1, 0, 0], [1, 0, 0]])
        colors = np.array([[1, 0, 0], [0, 1, 0], [0, 0, 1]])
    
        actors = actor.sphere(centers, colors=colors, radii=0.1)
    
        scene = window.Scene()
        scene.add(actors)
        showm = window.ShowManager(
            scene=scene,
            reset_camera=False,
            size=(width_0, height_0),
            order_transparent=False,
        )
    
        stream = FuryStreamClient(
            showm, use_raw_array=use_raw_array, whithout_iren_start=False
        )
        if use_raw_array:
            img_buffer_manager = tools.RawArrayImageBufferManager(
                info_buffer=stream.img_manager.info_buffer,
                image_buffers=stream.img_manager.image_buffers,
            )
        else:
            img_buffer_manager = tools.SharedMemImageBufferManager(
                info_buffer_name=stream.img_manager.info_buffer_name,
                image_buffer_names=stream.img_manager.image_buffer_names,
            )
    
        showm.render()
        stream.start(ms=ms_stream)
        showm.render()
        # test jpeg method
        img_buffer_manager.get_jpeg()
        width, height, frame = img_buffer_manager.get_current_frame()
    
        # assert width == showm.size[0] and height == showm.size[1]
        image = np.frombuffer(frame, "uint8")[0 : width * height * 3].reshape(
            (height, width, 3)
        )
        # image = np.flipud(image)
    
        # image = image[:, :, ::-1]
        # import matplotlib.pyplot as plt
        # plt.imshow(image)
        # plt.show()
        # npt.assert_allclose(arr, image)
        report = window.analyze_snapshot(image, find_objects=True)
>       npt.assert_equal(report.objects, 3)
E       AssertionError: 
E       Items are not equal:
E        ACTUAL: 12
E        DESIRED: 3

fury\tests\test_stream.py:254: AssertionError
_____________________ test_stream_interaction_conditions ______________________

    def test_stream_interaction_conditions():
        def test(use_raw_array, ms_stream, whitouth_iren_start):
            width_0 = 300
            height_0 = 200
    
            centers = np.array([[0, 0, 0], [-1, 0, 0], [1, 0, 0]])
            colors = np.array([[1, 0, 0], [0, 1, 0], [0, 0, 1]])
            actors = actor.sphere(centers, colors=colors, radii=0.1)
    
            scene = window.Scene()
            scene.add(actors)
            showm = window.ShowManager(scene=scene, size=(width_0, height_0))
    
            stream = FuryStreamClient(
                showm, use_raw_array=use_raw_array, whithout_iren_start=whitouth_iren_start
            )
            stream_interaction = FuryStreamInteraction(
                max_queue_size=500,
                showm=showm,
                use_raw_array=use_raw_array,
                whithout_iren_start=whitouth_iren_start,
            )
    
            showm.render()
    
            # ms should always be greater than 0
            with npt.assert_raises(ValueError):
                stream_interaction.start(ms=-1)
    
            stream_interaction.start(ms=ms_stream)
            # test double start
            stream_interaction.start(ms=ms_stream)
            while stream_interaction.circular_queue.head != -1:
                showm.render()
                time.sleep(0.01)
            stream_interaction.stop()
            # double stop test
            npt.assert_equal(stream_interaction.stop(), False)
            stream.stop()
            stream.cleanup()
            stream_interaction.cleanup()
    
>       test(True, 16, True)

fury\tests\test_stream.py:482: 
_ _ _ _ _ _ _ _ _ _ _ _ _ _ _ _ _ _ _ _ _ _ _ _ _ _ _ _ _ _ _ _ _ _ _ _ _ _ _ _
fury\tests\test_stream.py:469: in test
    stream_interaction.start(ms=ms_stream)
fury\decorators.py:158: in wrapper
    return func(*args, **kwargs)
fury\stream\client.py:336: in start
    self._interval_timer = Interval(
fury\stream\tools.py:1026: in __init__
    self.start()
fury\stream\tools.py:1039: in start
    self._loop = asyncio.get_event_loop()
_ _ _ _ _ _ _ _ _ _ _ _ _ _ _ _ _ _ _ _ _ _ _ _ _ _ _ _ _ _ _ _ _ _ _ _ _ _ _ _

self = <asyncio.windows_events.WindowsSelectorEventLoopPolicy object at 0x0000028E80C3E2C0>

    def get_event_loop(self):
        """Get the event loop for the current context.
    
        Returns an instance of EventLoop or raises an exception.
        """
        if (self._local._loop is None and
                not self._local._set_called and
                threading.current_thread() is threading.main_thread()):
            self.set_event_loop(self.new_event_loop())
    
        if self._local._loop is None:
>           raise RuntimeError('There is no current event loop in thread %r.'
                               % threading.current_thread().name)
E           RuntimeError: There is no current event loop in thread 'MainThread'.

..\..\..\..\AppData\Local\Programs\Python\Python310\lib\asyncio\events.py:656: RuntimeError
============================== warnings summary ===============================
fury\testing.py:4
  C:\Users\AMOGA\OneDrive\Desktop\open source\fury\fury\testing.py:4: DeprecationWarning: The distutils package is deprecated and slated for removal in Python 3.12. Use setuptools or check PEP 632 for potential alternatives
    from distutils.version import LooseVersion

fury/animation/tests/test_animation.py::test_animation
  C:\Users\AMOGA\OneDrive\Desktop\open source\fury\fury\decorators.py:158: UserWarning: Gimbal lock detected. Setting third angle to zero since it is not possible to uniquely determine all angles.
    return func(*args, **kwargs)

fury/animation/tests/test_animation.py::test_animation
  C:\Users\AMOGA\AppData\Local\Programs\Python\Python310\lib\site-packages\_pytest\python.py:166: UserWarning: Gimbal lock detected. Setting third angle to zero since it is not possible to uniquely determine all angles.
    result = testfunction(**testargs)

fury/tests/test_actors.py::test_contour_from_label
fury/tests/test_actors.py::test_contour_from_label
fury/tests/test_actors.py::test_contour_from_label
fury/tests/test_actors.py::test_contour_from_label
fury/tests/test_actors.py::test_contour_from_label
  C:\Users\AMOGA\OneDrive\Desktop\open source\fury\fury\actor.py:550: DeprecationWarning: Conversion of an array with ndim > 0 to a scalar is deprecated, and will error in future. Ensure you extract a single element from your array before performing this operation. (Deprecated NumPy 1.25.)
    skin_actor.GetProperty().SetOpacity(opacity)

fury/tests/test_io.py::test_save_load_image
  C:\Users\AMOGA\OneDrive\Desktop\open source\fury\fury\decorators.py:158: UserWarning: DPI value is ignored while saving images via vtk.
    return func(*args, **kwargs)

fury/tests/test_stream.py::test_pillow
fury/tests/test_stream.py::test_client_and_buffer_manager
  C:\Users\AMOGA\OneDrive\Desktop\open source\fury\fury\stream\tools.py:682: DeprecationWarning: 'mode' parameter is deprecated and will be removed in Pillow 13 (2026-10-15)
    image_encoded = Image.fromarray(image, mode="RGB")

fury/tests/test_stream.py::test_stream_interaction_conditions
  C:\Users\AMOGA\OneDrive\Desktop\open source\fury\fury\stream\tools.py:1039: DeprecationWarning: There is no current event loop
    self._loop = asyncio.get_event_loop()

fury/tests/test_stream.py::test_webserver
  C:\Users\AMOGA\OneDrive\Desktop\open source\fury\fury\stream\server\async_app.py:234: NotAppKeyWarning: It is recommended to use web.AppKey instances for keys.
  https://docs.aiohttp.org/en/stable/web_advanced.html#application-s-config
    app["websockets"] = weakref.WeakSet()

fury/tests/test_stream.py::test_webserver
  C:\Users\AMOGA\OneDrive\Desktop\open source\fury\fury\stream\server\async_app.py:258: NotAppKeyWarning: It is recommended to use web.AppKey instances for keys.
  https://docs.aiohttp.org/en/stable/web_advanced.html#application-s-config
    app["image_buffer_manager"] = image_buffer_manager

-- Docs: https://docs.pytest.org/en/stable/how-to/capture-warnings.html
=========================== short test summary info ===========================
FAILED fury/tests/test_stream.py::test_pillow - AssertionError: 
FAILED fury/tests/test_stream.py::test_client_and_buffer_manager - AssertionE...
FAILED fury/tests/test_stream.py::test_stream_interaction_conditions - Runtim...
===== 3 failed, 271 passed, 16 skipped, 14 warnings in 160.41s (0:02:40) ======
